[webdesign-finder.com/html/towy/index.html]
[backblue.gif]
[fade.gif]
[index.html]
[webdesign-finder.com/html/towy/css/bootstrap.min.css]
[webdesign-finder.com/html/towy/css/animations.css]
[webdesign-finder.com/html/towy/css/fonts.css]
[webdesign-finder.com/html/towy/css/main.css]
[webdesign-finder.com/html/towy/js/vendor/modernizr-2.6.2.min.js]
[webdesign-finder.com/html/towy/images/slide01.jpg]
[webdesign-finder.com/html/towy/images/slide02.jpg]
[webdesign-finder.com/html/towy/images/slide03.jpg]
[webdesign-finder.com/html/towy/images/logo.png]
[webdesign-finder.com/html/towy/index-2.html]
[webdesign-finder.com/html/towy/index_singlepage.html]
[webdesign-finder.com/html/towy/admin_index.html]
[webdesign-finder.com/html/towy/about.html]
[webdesign-finder.com/html/towy/shortcodes_teasers.html]
[webdesign-finder.com/html/towy/shortcodes_typography.html]
[webdesign-finder.com/html/towy/shortcodes_buttons.html]
[webdesign-finder.com/html/towy/shortcodes_pricing.html]
[webdesign-finder.com/html/towy/shortcodes_progress.html]
[webdesign-finder.com/html/towy/shortcodes_tabs.html]
[webdesign-finder.com/html/towy/shortcodes_bootstrap.html]
[webdesign-finder.com/html/towy/shortcodes_widgets.html]
[webdesign-finder.com/html/towy/shortcodes_animation.html]
[webdesign-finder.com/html/towy/shortcodes_icons.html]
[webdesign-finder.com/html/towy/testimonials.html]
[webdesign-finder.com/html/towy/shortcodes_socialicons.html]
[webdesign-finder.com/html/towy/services.html]
[webdesign-finder.com/html/towy/service-single.html]
[webdesign-finder.com/html/towy/timetable.html]
[webdesign-finder.com/html/towy/shop-right.html]
[webdesign-finder.com/html/towy/product-right.html]
[webdesign-finder.com/html/towy/cart-right.html]
[webdesign-finder.com/html/towy/checkout-right.html]
[webdesign-finder.com/html/towy/register.html]
[webdesign-finder.com/html/towy/events-left.html]
[webdesign-finder.com/html/towy/events-right.html]
[webdesign-finder.com/html/towy/events-full.html]
[webdesign-finder.com/html/towy/event-single-left.html]
[webdesign-finder.com/html/towy/event-single-right.html]
[webdesign-finder.com/html/towy/event-single-full.html]
[webdesign-finder.com/html/towy/comingsoon1.html]
[webdesign-finder.com/html/towy/comingsoon2.html]
[webdesign-finder.com/html/towy/faq.html]
[webdesign-finder.com/html/towy/faq2.html]
[webdesign-finder.com/html/towy/404.html]
[webdesign-finder.com/html/towy/4042.html]
[webdesign-finder.com/html/towy/header1.html]
[webdesign-finder.com/html/towy/header2.html]
[webdesign-finder.com/html/towy/header3.html]
[webdesign-finder.com/html/towy/header4.html]
[webdesign-finder.com/html/towy/header5.html]
[webdesign-finder.com/html/towy/header6.html]
[webdesign-finder.com/html/towy/header7.html]
[webdesign-finder.com/html/towy/header8.html]
[webdesign-finder.com/html/towy/header_side1.html]
[webdesign-finder.com/html/towy/header_side2.html]
[webdesign-finder.com/html/towy/header_side3.html]
[webdesign-finder.com/html/towy/header_side4.html]
[webdesign-finder.com/html/towy/header_side5.html]
[webdesign-finder.com/html/towy/header_side6.html]
[webdesign-finder.com/html/towy/header_side7.html]
[webdesign-finder.com/html/towy/header_side8.html]
[webdesign-finder.com/html/towy/header_side_superfish.html]
[webdesign-finder.com/html/towy/breadcrumbs1.html]
[webdesign-finder.com/html/towy/breadcrumbs2.html]
[webdesign-finder.com/html/towy/breadcrumbs3.html]
[webdesign-finder.com/html/towy/breadcrumbs4.html]
[webdesign-finder.com/html/towy/breadcrumbs5.html]
[webdesign-finder.com/html/towy/breadcrumbs6.html]
[webdesign-finder.com/html/towy/footer1.html]
[webdesign-finder.com/html/towy/footer2.html]
[webdesign-finder.com/html/towy/footer3.html]
[webdesign-finder.com/html/towy/footer4.html]
[webdesign-finder.com/html/towy/footer5.html]
[webdesign-finder.com/html/towy/footer6.html]
[webdesign-finder.com/html/towy/copyright1.html]
[webdesign-finder.com/html/towy/copyright2.html]
[webdesign-finder.com/html/towy/copyright3.html]
[webdesign-finder.com/html/towy/copyright4.html]
[webdesign-finder.com/html/towy/copyright5.html]
[webdesign-finder.com/html/towy/blog-right.html]
[webdesign-finder.com/html/towy/blog-left.html]
[webdesign-finder.com/html/towy/blog-full.html]
[webdesign-finder.com/html/towy/blog-mosaic.html]
[webdesign-finder.com/html/towy/blog-single-right.html]
[webdesign-finder.com/html/towy/blog-single-left.html]
[webdesign-finder.com/html/towy/blog-single-full.html]
[webdesign-finder.com/html/towy/blog-single-video-right.html]
[webdesign-finder.com/html/towy/blog-single-video-left.html]
[webdesign-finder.com/html/towy/blog-single-video-full.html]
[webdesign-finder.com/html/towy/gallery-regular.html]
[webdesign-finder.com/html/towy/gallery-regular-2-cols.html]
[webdesign-finder.com/html/towy/gallery-regular-3-cols.html]
[webdesign-finder.com/html/towy/gallery-fullwidth.html]
[webdesign-finder.com/html/towy/gallery-fullwidth-3-cols.html]
[webdesign-finder.com/html/towy/gallery-fullwidth-4-cols.html]
[webdesign-finder.com/html/towy/gallery-extended.html]
[webdesign-finder.com/html/towy/gallery-extended-2-cols.html]
[webdesign-finder.com/html/towy/gallery-extended-3-cols.html]
[webdesign-finder.com/html/towy/gallery-carousel.html]
[webdesign-finder.com/html/towy/gallery-carousel-2-cols.html]
[webdesign-finder.com/html/towy/gallery-carousel-3-cols.html]
[webdesign-finder.com/html/towy/gallery-tile.html]
[webdesign-finder.com/html/towy/gallery-left.html]
[webdesign-finder.com/html/towy/gallery-left-2-cols.html]
[webdesign-finder.com/html/towy/gallery-right.html]
[webdesign-finder.com/html/towy/gallery-right-2-cols.html]
[webdesign-finder.com/html/towy/gallery-single.html]
[webdesign-finder.com/html/towy/gallery-single2.html]
[webdesign-finder.com/html/towy/gallery-single3.html]
[webdesign-finder.com/html/towy/contact.html]
[webdesign-finder.com/html/towy/contact2.html]
[webdesign-finder.com/html/towy/contact3.html]
[webdesign-finder.com/html/towy/contact4.html]
[webdesign-finder.com/html/towy/images/truck.png]
[webdesign-finder.com/html/towy/images/icons/towing.png]
[webdesign-finder.com/html/towy/images/icons/hail.png]
[webdesign-finder.com/html/towy/images/icons/flood.png]
[webdesign-finder.com/html/towy/images/icons/accident.png]
[webdesign-finder.com/html/towy/images/icons/fire.png]
[webdesign-finder.com/html/towy/images/icons/motocycle.png]
[webdesign-finder.com/html/towy/images/hook.png]
[webdesign-finder.com/html/towy/images/gallery/01.jpg]
[webdesign-finder.com/html/towy/images/gallery/02.jpg]
[webdesign-finder.com/html/towy/images/gallery/03.jpg]
[webdesign-finder.com/html/towy/images/faces/01.jpg]
[webdesign-finder.com/html/towy/images/faces/02.jpg]
[webdesign-finder.com/html/towy/js/main.js]
[webdesign-finder.com/html/towy/js/vendor/jquery-jvectormap-2.0.3.min.js]
[webdesign-finder.com/html/towy/js/switcher.js]
[webdesign-finder.com/html/towy/index.html]
[webdesign-finder.com/html/towy/js/vendor/jquery-jvectormap-world-merc.js]
[webdesign-finder.com/html/towy/fonts/glyphicons-halflings-regular.eot]
[webdesign-finder.com/html/towy/fonts/glyphicons-halflings-regulard41d.eot]
[webdesign-finder.com/html/towy/fonts/glyphicons-halflings-regular.woff]
[webdesign-finder.com/html/towy/fonts/glyphicons-halflings-regular.svg]
[webdesign-finder.com/html/towy/css/bootstrap.min.css]
[webdesign-finder.com/html/towy/css/animations.css]
[webdesign-finder.com/html/towy/js/compressed.js]
[webdesign-finder.com/html/towy/fonts/glyphicons-halflings-regular.ttf]
[webdesign-finder.com/html/towy/fonts/rt-icons-23dab.eot]
[webdesign-finder.com/html/towy/fonts/rt-icons-2d41d.eot]
[webdesign-finder.com/html/towy/fonts/rt-icons-23dab.svg]
[webdesign-finder.com/html/towy/fonts/rt-icons-23dab.ttf]
[webdesign-finder.com/html/towy/fonts/rt-icons-23dab.woff]
[webdesign-finder.com/html/towy/fonts/socicon.eot]
[webdesign-finder.com/html/towy/fonts/socicond41d.eot]
[webdesign-finder.com/html/towy/fonts/socicon.woff]
[webdesign-finder.com/html/towy/fonts/socicon.ttf]
[webdesign-finder.com/html/towy/fonts/socicon.svg]
[webdesign-finder.com/html/towy/fonts/fontawesome-webfont5b62.eot]
[webdesign-finder.com/html/towy/fonts/fontawesome-webfont5b62.svg]
[webdesign-finder.com/html/towy/fonts/fontawesome-webfontd41d.eot]
[webdesign-finder.com/html/towy/fonts/towy400d.eot]
[webdesign-finder.com/html/towy/fonts/towy400d.ttf]
[webdesign-finder.com/html/towy/fonts/fontawesome-webfont5b62.woff]
[webdesign-finder.com/html/towy/fonts/towy400d.woff]
[webdesign-finder.com/html/towy/css/fonts.css]
[webdesign-finder.com/html/towy/fonts/towy400d.svg]
[webdesign-finder.com/html/towy/img/owl.video.play.png]
[webdesign-finder.com/html/towy/fonts/fontawesome-webfont5b62.ttf]
[webdesign-finder.com/html/towy/img/prettyPhoto/facebook/default_thumbnail.gif]
[webdesign-finder.com/html/towy/img/aside_bg.jpg]
[webdesign-finder.com/html/towy/img/background_section.png]
[webdesign-finder.com/html/towy/img/preloader.gif]
[webdesign-finder.com/html/towy/img/pattern1.png]
[webdesign-finder.com/html/towy/img/pattern2.png]
[webdesign-finder.com/html/towy/img/pattern3.png]
[webdesign-finder.com/html/towy/img/pattern4.png]
[webdesign-finder.com/html/towy/img/pattern5.png]
[webdesign-finder.com/html/towy/img/pattern6.png]
[webdesign-finder.com/html/towy/img/pattern7.png]
[webdesign-finder.com/html/towy/img/pattern8.png]
[webdesign-finder.com/html/towy/img/pattern9.png]
[webdesign-finder.com/html/towy/img/pattern10.png]
[webdesign-finder.com/html/towy/img/pattern11.png]
[webdesign-finder.com/html/towy/img/parallax/map.jpg]
[webdesign-finder.com/html/towy/img/parallax/counters.jpg]
[webdesign-finder.com/html/towy/img/parallax/quote.jpg]
[webdesign-finder.com/html/towy/img/parallax/breadcrumbs.jpg]
[webdesign-finder.com/html/towy/img/parallax/features.jpg]
[webdesign-finder.com/html/towy/img/parallax/testimonials.jpg]
[webdesign-finder.com/html/towy/img/parallax/bottom.jpg]
[webdesign-finder.com/html/towy/img/parallax/404.jpg]
[webdesign-finder.com/html/towy/img/parallax/progress.jpg]
[webdesign-finder.com/html/towy/css/main.css]
[webdesign-finder.com/html/towy/index-2.html]
[webdesign-finder.com/html/towy/index_singlepage.html]
[webdesign-finder.com/html/towy/images/team/01.jpg]
[webdesign-finder.com/html/towy/admin_profile.html]
[webdesign-finder.com/html/towy/admin_profile_edit.html]
[webdesign-finder.com/html/towy/admin_inbox.html]
[webdesign-finder.com/html/towy/admin_signin.html]
[webdesign-finder.com/html/towy/admin_signup.html]
[webdesign-finder.com/html/towy/admin_posts.html]
[webdesign-finder.com/html/towy/admin_post.html]
[webdesign-finder.com/html/towy/admin_products.html]
[webdesign-finder.com/html/towy/admin_product.html]
[webdesign-finder.com/html/towy/admin_orders.html]
[webdesign-finder.com/html/towy/admin_order.html]
[webdesign-finder.com/html/towy/admin_comments.html]
[webdesign-finder.com/html/towy/admin_comment.html]
[webdesign-finder.com/html/towy/admin_faq.html]
[webdesign-finder.com/html/towy/admin_tables.html]
[webdesign-finder.com/html/towy/admin_forms.html]
[webdesign-finder.com/html/towy/admin_bootstrap.html]
[webdesign-finder.com/html/towy/images/team/02.jpg]
[webdesign-finder.com/html/towy/images/team/03.jpg]
[webdesign-finder.com/html/towy/js/admin-charts.js]
[webdesign-finder.com/html/towy/admin_index.html]
[webdesign-finder.com/html/towy/about.html]
[webdesign-finder.com/html/towy/shortcodes_teasers.html]
[webdesign-finder.com/html/towy/team-single.html]
[webdesign-finder.com/html/towy/shortcodes_typography.html]
[webdesign-finder.com/html/towy/shortcodes_buttons.html]
[webdesign-finder.com/html/towy/images/teaser01.jpg]
[webdesign-finder.com/html/towy/images/teaser02.jpg]
[webdesign-finder.com/html/towy/js/vendor/Chart.bundle.min.js]
[webdesign-finder.com/html/towy/images/teaser03.jpg]
[webdesign-finder.com/html/towy/shortcodes_pricing.html]
[webdesign-finder.com/html/towy/shortcodes_progress.html]
[webdesign-finder.com/html/towy/images/recent_post1.jpg]
[webdesign-finder.com/html/towy/images/recent_post2.jpg]
[webdesign-finder.com/html/towy/shortcodes_tabs.html]
[webdesign-finder.com/html/towy/shortcodes_bootstrap.html]
[webdesign-finder.com/html/towy/images/events/03.jpg]
[webdesign-finder.com/html/towy/images/gallery/04.jpg]
[webdesign-finder.com/html/towy/images/shop/01.jpg]
[webdesign-finder.com/html/towy/images/shop/02.jpg]
[webdesign-finder.com/html/towy/images/shop/03.jpg]
[webdesign-finder.com/html/towy/shortcodes_widgets.html]
[webdesign-finder.com/html/towy/shortcodes_animation.html]
[webdesign-finder.com/html/towy/shortcodes_icons.html]
[webdesign-finder.com/html/towy/shortcodes_socialicons.html]
[webdesign-finder.com/html/towy/images/faces/03.jpg]
[webdesign-finder.com/html/towy/images/faces/04.jpg]
[webdesign-finder.com/html/towy/images/faces/05.jpg]
[webdesign-finder.com/html/towy/images/faces/06.jpg]
[webdesign-finder.com/html/towy/testimonials.html]
[webdesign-finder.com/html/towy/services.html]
[webdesign-finder.com/html/towy/images/gallery/11.jpg]
[webdesign-finder.com/html/towy/service-single.html]
[webdesign-finder.com/html/towy/timetable.html]
[webdesign-finder.com/html/towy/images/shop/04.jpg]
[webdesign-finder.com/html/towy/images/shop/05.jpg]
[webdesign-finder.com/html/towy/images/shop/06.jpg]
[webdesign-finder.com/html/towy/shop-right.html]
[webdesign-finder.com/html/towy/product-right.html]
[webdesign-finder.com/html/towy/cart-right.html]
[webdesign-finder.com/html/towy/checkout-right.html]
[webdesign-finder.com/html/towy/register.html]
[webdesign-finder.com/html/towy/images/events/08.jpg]
[webdesign-finder.com/html/towy/images/events/06.jpg]
[webdesign-finder.com/html/towy/images/events/01.jpg]
[webdesign-finder.com/html/towy/images/events/02.jpg]
[webdesign-finder.com/html/towy/images/events/04.jpg]
[webdesign-finder.com/html/towy/images/events/05.jpg]
[webdesign-finder.com/html/towy/images/events/07.jpg]
[webdesign-finder.com/html/towy/images/events/09.jpg]
[webdesign-finder.com/html/towy/events-left.html]
[webdesign-finder.com/html/towy/events-right.html]
[webdesign-finder.com/html/towy/events-full.html]
[webdesign-finder.com/html/towy/event-single-left.html]
[webdesign-finder.com/html/towy/event-single-right.html]
[webdesign-finder.com/html/towy/event-single-full.html]
[webdesign-finder.com/html/towy/comingsoon1.html]
[webdesign-finder.com/html/towy/comingsoon2.html]
[webdesign-finder.com/html/towy/faq.html]
[webdesign-finder.com/html/towy/faq2.html]
[webdesign-finder.com/html/towy/404.html]
[webdesign-finder.com/html/towy/4042.html]
[webdesign-finder.com/html/towy/header1.html]
[webdesign-finder.com/html/towy/header2.html]
[webdesign-finder.com/html/towy/header3.html]
[webdesign-finder.com/html/towy/header4.html]
[webdesign-finder.com/html/towy/header5.html]
[webdesign-finder.com/html/towy/header6.html]
[webdesign-finder.com/html/towy/header7.html]
[webdesign-finder.com/html/towy/header8.html]
[webdesign-finder.com/html/towy/header_side1.html]
[webdesign-finder.com/html/towy/header_side2.html]
[webdesign-finder.com/html/towy/header_side3.html]
[webdesign-finder.com/html/towy/header_side4.html]
[webdesign-finder.com/html/towy/header_side5.html]
[webdesign-finder.com/html/towy/header_side6.html]
[webdesign-finder.com/html/towy/header_side7.html]
[webdesign-finder.com/html/towy/header_side8.html]
[webdesign-finder.com/html/towy/header_side_superfish.html]
[webdesign-finder.com/html/towy/breadcrumbs1.html]
[webdesign-finder.com/html/towy/breadcrumbs2.html]
[webdesign-finder.com/html/towy/breadcrumbs3.html]
[webdesign-finder.com/html/towy/breadcrumbs4.html]
[webdesign-finder.com/html/towy/breadcrumbs5.html]
[webdesign-finder.com/html/towy/breadcrumbs6.html]
[webdesign-finder.com/html/towy/footer1.html]
[webdesign-finder.com/html/towy/footer2.html]
[webdesign-finder.com/html/towy/footer3.html]
[webdesign-finder.com/html/towy/footer4.html]
[webdesign-finder.com/html/towy/footer5.html]
[webdesign-finder.com/html/towy/footer6.html]
[webdesign-finder.com/html/towy/copyright1.html]
[webdesign-finder.com/html/towy/copyright2.html]
[webdesign-finder.com/html/towy/copyright3.html]
[webdesign-finder.com/html/towy/copyright4.html]
[webdesign-finder.com/html/towy/copyright5.html]
[webdesign-finder.com/html/towy/images/gallery/05.jpg]
[webdesign-finder.com/html/towy/images/gallery/12.jpg]
[webdesign-finder.com/html/towy/images/gallery/09.jpg]
[webdesign-finder.com/html/towy/images/status.jpg]
[webdesign-finder.com/html/towy/images/gallery/06.jpg]
[webdesign-finder.com/html/towy/blog-right.html]
[webdesign-finder.com/html/towy/blog-left.html]
[webdesign-finder.com/html/towy/blog-full.html]
[webdesign-finder.com/html/towy/images/gallery/07.jpg]
[webdesign-finder.com/html/towy/images/gallery/08.jpg]
[webdesign-finder.com/html/towy/images/gallery/10.jpg]
[webdesign-finder.com/html/towy/blog-mosaic.html]
[webdesign-finder.com/html/towy/images/side-image.jpg]
[webdesign-finder.com/html/towy/blog-single-right.html]
[webdesign-finder.com/html/towy/blog-single-left.html]
[webdesign-finder.com/html/towy/blog-single-full.html]
[webdesign-finder.com/html/towy/blog-single-video-right.html]
[webdesign-finder.com/html/towy/blog-single-video-left.html]
[webdesign-finder.com/html/towy/blog-single-video-full.html]
[webdesign-finder.com/html/towy/gallery-regular.html]
[webdesign-finder.com/html/towy/gallery-regular-2-cols.html]
[webdesign-finder.com/html/towy/gallery-regular-3-cols.html]
[webdesign-finder.com/html/towy/gallery-fullwidth.html]
[webdesign-finder.com/html/towy/gallery-fullwidth-3-cols.html]
[webdesign-finder.com/html/towy/gallery-fullwidth-4-cols.html]
[webdesign-finder.com/html/towy/img/loading.png]
[webdesign-finder.com/html/towy/gallery-extended.html]
[webdesign-finder.com/html/towy/gallery-extended-2-cols.html]
[webdesign-finder.com/html/towy/gallery-extended-3-cols.html]
[webdesign-finder.com/html/towy/gallery-carousel.html]
[webdesign-finder.com/html/towy/gallery-carousel-2-cols.html]
[webdesign-finder.com/html/towy/gallery-carousel-3-cols.html]
[webdesign-finder.com/html/towy/images/gallery/tile/03.jpg]
[webdesign-finder.com/html/towy/images/gallery/tile/01.jpg]
[webdesign-finder.com/html/towy/images/gallery/tile/07.jpg]
[webdesign-finder.com/html/towy/images/gallery/tile/02.jpg]
[webdesign-finder.com/html/towy/images/gallery/tile/04.jpg]
[webdesign-finder.com/html/towy/images/gallery/tile/10.jpg]
[webdesign-finder.com/html/towy/images/gallery/tile/11.jpg]
[webdesign-finder.com/html/towy/images/gallery/tile/12.jpg]
[webdesign-finder.com/html/towy/gallery-tile.html]
[webdesign-finder.com/html/towy/gallery-left.html]
[webdesign-finder.com/html/towy/gallery-left-2-cols.html]
[webdesign-finder.com/html/towy/gallery-right.html]
[webdesign-finder.com/html/towy/gallery-right-2-cols.html]
[webdesign-finder.com/html/towy/gallery-single.html]
[webdesign-finder.com/html/towy/gallery-single2.html]
[webdesign-finder.com/html/towy/gallery-single3.html]
[webdesign-finder.com/html/towy/images/map_marker_icon.png]
[webdesign-finder.com/html/towy/contact.html]
[webdesign-finder.com/html/towy/contact2.html]
[webdesign-finder.com/html/towy/contact3.html]
[webdesign-finder.com/html/towy/contact4.html]
[webdesign-finder.com/html/towy/fonts/glyphicons-halflings-regular.html]
[webdesign-finder.com/html/towy/fonts/glyphicons-halflings-regular.svg]
[webdesign-finder.com/html/towy/fonts/rt-icons-23dab.svg]
[webdesign-finder.com/html/towy/fonts/socicon.svg]
[webdesign-finder.com/html/towy/fonts/fontawesome-webfont5b62.html]
[webdesign-finder.com/html/towy/fonts/fontawesome-webfont5b62.svg]
[webdesign-finder.com/html/towy/fonts/towy400d.svg]
[webdesign-finder.com/html/towy/admin_profile.html]
[webdesign-finder.com/html/towy/admin_profile_edit.html]
[webdesign-finder.com/html/towy/admin_inbox.html]
[webdesign-finder.com/html/towy/admin_signin.html]
[webdesign-finder.com/html/towy/admin_signup.html]
[webdesign-finder.com/html/towy/admin_posts.html]
[webdesign-finder.com/html/towy/admin_post.html]
[webdesign-finder.com/html/towy/admin_products.html]
[webdesign-finder.com/html/towy/admin_product.html]
[webdesign-finder.com/html/towy/admin_orders.html]
[webdesign-finder.com/html/towy/admin_order.html]
[webdesign-finder.com/html/towy/admin_comments.html]
[webdesign-finder.com/html/towy/admin_comment.html]
[webdesign-finder.com/html/towy/admin_faq.html]
[webdesign-finder.com/html/towy/admin_tables.html]
[webdesign-finder.com/html/towy/admin_forms.html]
[webdesign-finder.com/html/towy/admin_bootstrap.html]
[webdesign-finder.com/html/towy/team-single.html]
[wpsolar/wp-content/uploads/2013/06/poster_2_up.jpg]
